
> game-platform@1.0.0 test:a11y /mnt/d/src/game-platform
> pnpm exec playwright test --config=playwright.config.ts --config=playwright.config.ts -g '@a11y'


Running 45 tests using 16 workers

  ✓   5 [chromium] › tests/accessibility.a11y.spec.ts:82:3 › @a11y accessibility suite › form labels are associated with inputs (669ms)
  ✓   2 [chromium] › tests/accessibility.a11y.spec.ts:104:3 › @a11y accessibility suite › focus indicators are visible (720ms)
  ✓   6 [chromium] › tests/accessibility.a11y.spec.ts:37:3 › @a11y accessibility suite › keyboard navigation: escape closes modals/menus (761ms)
  ✓   7 [chromium] › tests/accessibility.a11y.spec.ts:57:3 › @a11y accessibility suite › aria labels and roles are properly set (733ms)
  ✓   4 [chromium] › tests/accessibility.a11y.spec.ts:131:3 › @a11y accessibility suite › color is not sole means of conveying information (989ms)
  ✓  10 [chromium] › tests/accessibility.a11y.spec.ts:4:3 › @a11y accessibility suite › landing page renders with key accessible regions (725ms)
  ✓   8 [chromium] › tests/accessibility.a11y.spec.ts:11:3 › @a11y accessibility suite › keyboard navigation: tab order is logical (780ms)
  ✓  11 [chromium] › tests/accessibility.a11y.spec.ts:68:3 › @a11y accessibility suite › semantic html: heading hierarchy is valid (h1 exists) (676ms)
  ✓  13 [chromium] › tests/accessibility.a11y.spec.ts:147:3 › @a11y accessibility suite › contrast ratio validation via computed styles (622ms)
  ✓   1 [firefox] › tests/accessibility.a11y.spec.ts:11:3 › @a11y accessibility suite › keyboard navigation: tab order is logical (2.1s)
  ✓   3 [firefox] › tests/accessibility.a11y.spec.ts:4:3 › @a11y accessibility suite › landing page renders with key accessible regions (2.0s)
  ✓   9 [firefox] › tests/accessibility.a11y.spec.ts:82:3 › @a11y accessibility suite › form labels are associated with inputs (1.9s)
  ✓  12 [firefox] › tests/accessibility.a11y.spec.ts:104:3 › @a11y accessibility suite › focus indicators are visible (2.1s)
  ✓  16 [firefox] › tests/accessibility.a11y.spec.ts:37:3 › @a11y accessibility suite › keyboard navigation: escape closes modals/menus (2.2s)
  ✓  14 [firefox] › tests/accessibility.a11y.spec.ts:57:3 › @a11y accessibility suite › aria labels and roles are properly set (2.0s)
  ✓  15 [firefox] › tests/accessibility.a11y.spec.ts:68:3 › @a11y accessibility suite › semantic html: heading hierarchy is valid (h1 exists) (2.0s)
  ✓  20 [webkit] › tests/accessibility.a11y.spec.ts:4:3 › @a11y accessibility suite › landing page renders with key accessible regions (858ms)
  ✓  19 [webkit] › tests/accessibility.a11y.spec.ts:11:3 › @a11y accessibility suite › keyboard navigation: tab order is logical (905ms)
  ✓  17 [firefox] › tests/accessibility.a11y.spec.ts:147:3 › @a11y accessibility suite › contrast ratio validation via computed styles (2.0s)
  ✓  22 [webkit] › tests/accessibility.a11y.spec.ts:57:3 › @a11y accessibility suite › aria labels and roles are properly set (868ms)
  ✓  21 [webkit] › tests/accessibility.a11y.spec.ts:37:3 › @a11y accessibility suite › keyboard navigation: escape closes modals/menus (1.1s)
  ✓  23 [webkit] › tests/accessibility.a11y.spec.ts:68:3 › @a11y accessibility suite › semantic html: heading hierarchy is valid (h1 exists) (919ms)
  ✓  18 [firefox] › tests/accessibility.a11y.spec.ts:131:3 › @a11y accessibility suite › color is not sole means of conveying information (2.5s)
  ✓  24 [webkit] › tests/accessibility.a11y.spec.ts:82:3 › @a11y accessibility suite › form labels are associated with inputs (709ms)
  ✓  25 [webkit] › tests/accessibility.a11y.spec.ts:104:3 › @a11y accessibility suite › focus indicators are visible (808ms)
